
======================================================================
 ≡ƒôì LIFELINK LOCATION-BASED FRAUD DETECTION TEST
======================================================================

[STEP 1] ≡ƒô¥ Creating test receiver account...

Γ£à Test account created successfully!
   Email: fraud_test_1774455982819@test.com
   User ID: undefined
   Token: eyJhbGciOiJIUzI1NiIs...

[STEP 2] ≡ƒ⌐╕ Creating FIRST blood request from MUMBAI...

   Location: Mumbai (19.0760, 72.8777)
   Blood Group: O+
   Urgency: urgent

Γ£à First request created successfully!
   Request ID: 69c40caf6ea611ef51cb048e

[STEP 3] ΓÅ▒∩╕Å  Waiting 30 seconds before second request...

[STEP 4] ≡ƒ⌐╕ Creating SECOND blood request from PUNE...

   Location: Pune (18.5204, 73.8567)
   Distance from Mumbai: ~150km
   Time gap: ~30-40 seconds
   Blood Group: A+
   Urgency: critical

Γ£à Second request created successfully!
   Request ID: 69c40cce6ea611ef51cb04af

[STEP 5] ≡ƒöì FRAUD DETECTION RESULTS:

ΓÜá∩╕Å  WARNING TRIGGERED: We detected some unusual patterns. Your request may undergo additional verification.

≡ƒôè Severity Score: 30/100

≡ƒÜ⌐ Detected Patterns:
   1. Multiple locations in short time (1 locations)

======================================================================
 TEST SUMMARY
======================================================================

Γ£à TEST EXECUTED SUCCESSFULLY

Expected Detection:
  ΓÇó Flag Type: location_jump
  ΓÇó Reason: >50km distance in <1 hour
  ΓÇó Expected Severity: +30 points

Actual Detection:
  ΓÇó Flag Triggered: Γ£à YES
  ΓÇó Severity: 30 points
  ΓÇó Auto-flagged: Γ¥î NO

≡ƒÄë FRAUD DETECTION WORKING CORRECTLY!

======================================================================

